============================= test session starts =============================
platform win32 -- Python 3.14.0, pytest-9.0.2, pluggy-1.6.0
rootdir: D:\me\GUNA-ASTRA
plugins: anyio-4.12.1
collected 1 item

tests\test_imports.py F                                                  [100%]

================================== FAILURES ===================================
________________________________ test_imports _________________________________

    def test_imports():
        try:
            import main
            from agents.system_agent import SystemAgent
>           from core.intent_engine import IntentEngine
E           ImportError: cannot import name 'IntentEngine' from 'core.intent_engine' (D:\me\GUNA-ASTRA\core\intent_engine.py). Did you mean: 'intent_engine'?

tests\test_imports.py:8: ImportError

During handling of the above exception, another exception occurred:

    def test_imports():
        try:
            import main
            from agents.system_agent import SystemAgent
            from core.intent_engine import IntentEngine
            from core.orchestrator import GunaOrchestrator
            from utils.logger import SystemLogger
    
            # Test passed if we got here without ImportError
            assert True
        except ImportError as e:
>           pytest.fail(f"Import failed: {e}")
E           Failed: Import failed: cannot import name 'IntentEngine' from 'core.intent_engine' (D:\me\GUNA-ASTRA\core\intent_engine.py)

tests\test_imports.py:15: Failed
=========================== short test summary info ===========================
FAILED tests/test_imports.py::test_imports - Failed: Import failed: cannot im...
============================== 1 failed in 0.37s ==============================
